Archive member included to satisfy reference by file (symbol)

c:/program files (x86)/gnu tools arm embedded/9 2019-q4-major/bin/../lib/gcc/arm-none-eabi/9.2.1/../../../../arm-none-eabi/lib/thumb/v7e-m+fp/hard\libc_nano.a(lib_a-exit.o)
                              c:/program files (x86)/gnu tools arm embedded/9 2019-q4-major/bin/../lib/gcc/arm-none-eabi/9.2.1/../../../../arm-none-eabi/lib/thumb/v7e-m+fp/hard/crt0.o (exit)
c:/program files (x86)/gnu tools arm embedded/9 2019-q4-major/bin/../lib/gcc/arm-none-eabi/9.2.1/../../../../arm-none-eabi/lib/thumb/v7e-m+fp/hard\libc_nano.a(lib_a-impure.o)
                              c:/program files (x86)/gnu tools arm embedded/9 2019-q4-major/bin/../lib/gcc/arm-none-eabi/9.2.1/../../../../arm-none-eabi/lib/thumb/v7e-m+fp/hard\libc_nano.a(lib_a-exit.o) (_global_impure_ptr)
c:/program files (x86)/gnu tools arm embedded/9 2019-q4-major/bin/../lib/gcc/arm-none-eabi/9.2.1/../../../../arm-none-eabi/lib/thumb/v7e-m+fp/hard\libc_nano.a(lib_a-init.o)
                              c:/program files (x86)/gnu tools arm embedded/9 2019-q4-major/bin/../lib/gcc/arm-none-eabi/9.2.1/../../../../arm-none-eabi/lib/thumb/v7e-m+fp/hard/crt0.o (__libc_init_array)
c:/program files (x86)/gnu tools arm embedded/9 2019-q4-major/bin/../lib/gcc/arm-none-eabi/9.2.1/../../../../arm-none-eabi/lib/thumb/v7e-m+fp/hard\libc_nano.a(lib_a-memset.o)
                              c:/program files (x86)/gnu tools arm embedded/9 2019-q4-major/bin/../lib/gcc/arm-none-eabi/9.2.1/../../../../arm-none-eabi/lib/thumb/v7e-m+fp/hard/crt0.o (memset)
c:/program files (x86)/gnu tools arm embedded/9 2019-q4-major/bin/../lib/gcc/arm-none-eabi/9.2.1/../../../../arm-none-eabi/lib/thumb/v7e-m+fp/hard\libnosys.a(_exit.o)
                              c:/program files (x86)/gnu tools arm embedded/9 2019-q4-major/bin/../lib/gcc/arm-none-eabi/9.2.1/../../../../arm-none-eabi/lib/thumb/v7e-m+fp/hard\libc_nano.a(lib_a-exit.o) (_exit)
c:/program files (x86)/gnu tools arm embedded/9 2019-q4-major/bin/../lib/gcc/arm-none-eabi/9.2.1/thumb/v7e-m+fp/hard\libgcc.a(_aeabi_uldivmod.o)
                              build/stm32f4xx_hal_rcc.o (__aeabi_uldivmod)
c:/program files (x86)/gnu tools arm embedded/9 2019-q4-major/bin/../lib/gcc/arm-none-eabi/9.2.1/thumb/v7e-m+fp/hard\libgcc.a(_udivmoddi4.o)
                              c:/program files (x86)/gnu tools arm embedded/9 2019-q4-major/bin/../lib/gcc/arm-none-eabi/9.2.1/thumb/v7e-m+fp/hard\libgcc.a(_aeabi_uldivmod.o) (__udivmoddi4)
c:/program files (x86)/gnu tools arm embedded/9 2019-q4-major/bin/../lib/gcc/arm-none-eabi/9.2.1/thumb/v7e-m+fp/hard\libgcc.a(_dvmd_tls.o)
                              c:/program files (x86)/gnu tools arm embedded/9 2019-q4-major/bin/../lib/gcc/arm-none-eabi/9.2.1/thumb/v7e-m+fp/hard\libgcc.a(_aeabi_uldivmod.o) (__aeabi_ldiv0)

Allocating common symbols
Common symbol       size              file

uwTick              0x4               build/stm32f4xx_hal.o
pFlash              0x20              build/stm32f4xx_hal_flash.o

Discarded input sections

 .text          0x00000000        0x0 c:/program files (x86)/gnu tools arm embedded/9 2019-q4-major/bin/../lib/gcc/arm-none-eabi/9.2.1/thumb/v7e-m+fp/hard/crti.o
 .data          0x00000000        0x0 c:/program files (x86)/gnu tools arm embedded/9 2019-q4-major/bin/../lib/gcc/arm-none-eabi/9.2.1/thumb/v7e-m+fp/hard/crti.o
 .bss           0x00000000        0x0 c:/program files (x86)/gnu tools arm embedded/9 2019-q4-major/bin/../lib/gcc/arm-none-eabi/9.2.1/thumb/v7e-m+fp/hard/crti.o
 .data          0x00000000        0x4 c:/program files (x86)/gnu tools arm embedded/9 2019-q4-major/bin/../lib/gcc/arm-none-eabi/9.2.1/thumb/v7e-m+fp/hard/crtbegin.o
 .text          0x00000000       0x74 c:/program files (x86)/gnu tools arm embedded/9 2019-q4-major/bin/../lib/gcc/arm-none-eabi/9.2.1/../../../../arm-none-eabi/lib/thumb/v7e-m+fp/hard/crt0.o
 .data          0x00000000        0x0 c:/program files (x86)/gnu tools arm embedded/9 2019-q4-major/bin/../lib/gcc/arm-none-eabi/9.2.1/../../../../arm-none-eabi/lib/thumb/v7e-m+fp/hard/crt0.o
 .bss           0x00000000        0x0 c:/program files (x86)/gnu tools arm embedded/9 2019-q4-major/bin/../lib/gcc/arm-none-eabi/9.2.1/../../../../arm-none-eabi/lib/thumb/v7e-m+fp/hard/crt0.o
 .ARM.extab     0x00000000        0x0 c:/program files (x86)/gnu tools arm embedded/9 2019-q4-major/bin/../lib/gcc/arm-none-eabi/9.2.1/../../../../arm-none-eabi/lib/thumb/v7e-m+fp/hard/crt0.o
 .ARM.exidx     0x00000000        0x8 c:/program files (x86)/gnu tools arm embedded/9 2019-q4-major/bin/../lib/gcc/arm-none-eabi/9.2.1/../../../../arm-none-eabi/lib/thumb/v7e-m+fp/hard/crt0.o
 .ARM.attributes
                0x00000000       0x1c c:/program files (x86)/gnu tools arm embedded/9 2019-q4-major/bin/../lib/gcc/arm-none-eabi/9.2.1/../../../../arm-none-eabi/lib/thumb/v7e-m+fp/hard/crt0.o
 .text          0x00000000        0x0 build/main.o
 .data          0x00000000        0x0 build/main.o
[...]
Memory Configuration

Name             Origin             Length             Attributes
RAM              0x20000000         0x00020000         xrw
CCMRAM           0x10000000         0x00010000         xrw
FLASH            0x08000000         0x00080000         xr
*default*        0x00000000         0xffffffff

Linker script and memory map

LOAD c:/program files (x86)/gnu tools arm embedded/9 2019-q4-major/bin/../lib/gcc/arm-none-eabi/9.2.1/thumb/v7e-m+fp/hard/crti.o
LOAD c:/program files (x86)/gnu tools arm embedded/9 2019-q4-major/bin/../lib/gcc/arm-none-eabi/9.2.1/thumb/v7e-m+fp/hard/crtbegin.o
LOAD c:/program files (x86)/gnu tools arm embedded/9 2019-q4-major/bin/../lib/gcc/arm-none-eabi/9.2.1/../../../../arm-none-eabi/lib/thumb/v7e-m+fp/hard/crt0.o
LOAD build/main.o
LOAD build/stm32f4xx_it.o
LOAD build/stm32f4xx_hal_msp.o
LOAD build/stm32f4xx_hal_tim.o
LOAD build/stm32f4xx_hal_tim_ex.o
LOAD build/stm32f4xx_hal_rcc.o
LOAD build/stm32f4xx_hal_rcc_ex.o
LOAD build/stm32f4xx_hal_flash.o
LOAD build/stm32f4xx_hal_flash_ex.o
LOAD build/stm32f4xx_hal_flash_ramfunc.o
LOAD build/stm32f4xx_hal_gpio.o
LOAD build/stm32f4xx_hal_dma_ex.o
LOAD build/stm32f4xx_hal_dma.o
LOAD build/stm32f4xx_hal_pwr.o
LOAD build/stm32f4xx_hal_pwr_ex.o
LOAD build/stm32f4xx_hal_cortex.o
LOAD build/stm32f4xx_hal.o
LOAD build/stm32f4xx_hal_exti.o
LOAD build/system_stm32f4xx.o
LOAD build/USART_STM32F4xx.o
LOAD build/startup_stm32f407xx.o
LOAD c:/program files (x86)/gnu tools arm embedded/9 2019-q4-major/bin/../lib/gcc/arm-none-eabi/9.2.1/../../../../arm-none-eabi/lib/thumb/v7e-m+fp/hard\libc_nano.a
LOAD c:/program files (x86)/gnu tools arm embedded/9 2019-q4-major/bin/../lib/gcc/arm-none-eabi/9.2.1/../../../../arm-none-eabi/lib/thumb/v7e-m+fp/hard\libm.a
LOAD c:/program files (x86)/gnu tools arm embedded/9 2019-q4-major/bin/../lib/gcc/arm-none-eabi/9.2.1/../../../../arm-none-eabi/lib/thumb/v7e-m+fp/hard\libnosys.a
START GROUP
LOAD c:/program files (x86)/gnu tools arm embedded/9 2019-q4-major/bin/../lib/gcc/arm-none-eabi/9.2.1/thumb/v7e-m+fp/hard\libgcc.a
LOAD c:/program files (x86)/gnu tools arm embedded/9 2019-q4-major/bin/../lib/gcc/arm-none-eabi/9.2.1/../../../../arm-none-eabi/lib/thumb/v7e-m+fp/hard\libc_nano.a
END GROUP
START GROUP
LOAD c:/program files (x86)/gnu tools arm embedded/9 2019-q4-major/bin/../lib/gcc/arm-none-eabi/9.2.1/thumb/v7e-m+fp/hard\libgcc.a
LOAD c:/program files (x86)/gnu tools arm embedded/9 2019-q4-major/bin/../lib/gcc/arm-none-eabi/9.2.1/../../../../arm-none-eabi/lib/thumb/v7e-m+fp/hard\libc_nano.a
END GROUP
LOAD c:/program files (x86)/gnu tools arm embedded/9 2019-q4-major/bin/../lib/gcc/arm-none-eabi/9.2.1/thumb/v7e-m+fp/hard/crtend.o
LOAD c:/program files (x86)/gnu tools arm embedded/9 2019-q4-major/bin/../lib/gcc/arm-none-eabi/9.2.1/thumb/v7e-m+fp/hard/crtn.o
                0x20020000                _estack = 0x20020000
                0x00000200                _Min_Heap_Size = 0x200
                0x00000400                _Min_Stack_Size = 0x400

.isr_vector     0x08000000      0x188
                0x08000000                . = ALIGN (0x4)
 *(.isr_vector)
 .isr_vector    0x08000000      0x188 build/startup_stm32f407xx.o
                0x08000000                g_pfnVectors
                0x08000188                . = ALIGN (0x4)

.text           0x08000188     0x3648
                0x08000188                . = ALIGN (0x4)
 *(.text)
 .text          0x08000188       0x40 c:/program files (x86)/gnu tools arm embedded/9 2019-q4-major/bin/../lib/gcc/arm-none-eabi/9.2.1/thumb/v7e-m+fp/hard/crtbegin.o
 .text          0x080001c8       0x30 c:/program files (x86)/gnu tools arm embedded/9 2019-q4-major/bin/../lib/gcc/arm-none-eabi/9.2.1/thumb/v7e-m+fp/hard\libgcc.a(_aeabi_uldivmod.o)
                0x080001c8                __aeabi_uldivmod
 .text          0x080001f8      0x2c4 c:/program files (x86)/gnu tools arm embedded/9 2019-q4-major/bin/../lib/gcc/arm-none-eabi/9.2.1/thumb/v7e-m+fp/hard\libgcc.a(_udivmoddi4.o)
                0x080001f8                __udivmoddi4
 .text          0x080004bc        0x4 c:/program files (x86)/gnu tools arm embedded/9 2019-q4-major/bin/../lib/gcc/arm-none-eabi/9.2.1/thumb/v7e-m+fp/hard\libgcc.a(_dvmd_tls.o)
                0x080004bc                __aeabi_idiv0
                0x080004bc                __aeabi_ldiv0
 *(.text*)
 .text.initUSART
                0x080004c0       0x42 build/main.o
                0x080004c0                initUSART
 *fill*         0x08000502        0x2 
 .text.main     0x08000504       0x80 build/main.o
                0x08000504                main
 .text.SystemClock_Config
                0x08000584       0xbc build/main.o
                0x08000584                SystemClock_Config
 .text.Error_Handler
                0x08000640        0xe build/main.o
                0x08000640                Error_Handler
 .text.NMI_Handler
                0x0800064e        0xe build/stm32f4xx_it.o
                0x0800064e                NMI_Handler
 .text.HardFault_Handler
                0x0800065c        0x6 build/stm32f4xx_it.o
                0x0800065c                HardFault_Handler
 .text.MemManage_Handler
                0x08000662        0x6 build/stm32f4xx_it.o
                0x08000662                MemManage_Handler
 .text.BusFault_Handler
                0x08000668        0x6 build/stm32f4xx_it.o
                0x08000668                BusFault_Handler
 .text.UsageFault_Handler
                0x0800066e        0x6 build/stm32f4xx_it.o
                0x0800066e                UsageFault_Handler
 .text.SVC_Handler
                0x08000674        0xe build/stm32f4xx_it.o
                0x08000674                SVC_Handler
 .text.DebugMon_Handler
                0x08000682        0xe build/stm32f4xx_it.o
                0x08000682                DebugMon_Handler
 .text.PendSV_Handler
                0x08000690        0xe build/stm32f4xx_it.o
                0x08000690                PendSV_Handler
 .text.SysTick_Handler
                0x0800069e        0xc build/stm32f4xx_it.o
                0x0800069e                SysTick_Handler
 *fill*         0x080006aa        0x2 
 .text.HAL_MspInit
                0x080006ac       0x50 build/stm32f4xx_hal_msp.o
                0x080006ac                HAL_MspInit
 .text.HAL_RCC_OscConfig
                0x080006fc      0x4e0 build/stm32f4xx_hal_rcc.o
                0x080006fc                HAL_RCC_OscConfig
 .text.HAL_RCC_ClockConfig
                0x08000bdc      0x1cc build/stm32f4xx_hal_rcc.o
                0x08000bdc                HAL_RCC_ClockConfig
 .text.HAL_RCC_GetSysClockFreq
                0x08000da8      0x16c build/stm32f4xx_hal_rcc.o
                0x08000da8                HAL_RCC_GetSysClockFreq
 .text.HAL_RCC_GetHCLKFreq
                0x08000f14       0x18 build/stm32f4xx_hal_rcc.o
                0x08000f14                HAL_RCC_GetHCLKFreq
 .text.HAL_RCC_GetPCLK2Freq
                0x08000f2c       0x28 build/stm32f4xx_hal_rcc.o
                0x08000f2c                HAL_RCC_GetPCLK2Freq
 .text.HAL_GPIO_Init
                0x08000f54      0x338 build/stm32f4xx_hal_gpio.o
                0x08000f54                HAL_GPIO_Init
 .text.HAL_GPIO_DeInit
                0x0800128c      0x1f8 build/stm32f4xx_hal_gpio.o
                0x0800128c                HAL_GPIO_DeInit
 .text.HAL_GPIO_ReadPin
                0x08001484       0x30 build/stm32f4xx_hal_gpio.o
                0x08001484                HAL_GPIO_ReadPin
 .text.HAL_GPIO_WritePin
                0x080014b4       0x32 build/stm32f4xx_hal_gpio.o
                0x080014b4                HAL_GPIO_WritePin
 .text.HAL_DMA_Abort
                0x080014e6       0xe0 build/stm32f4xx_hal_dma.o
                0x080014e6                HAL_DMA_Abort
 *fill*         0x080015c6        0x2 
 .text.__NVIC_SetPriorityGrouping
                0x080015c8       0x48 build/stm32f4xx_hal_cortex.o
 .text.__NVIC_GetPriorityGrouping
                0x08001610       0x1c build/stm32f4xx_hal_cortex.o
 .text.__NVIC_DisableIRQ
                0x0800162c       0x48 build/stm32f4xx_hal_cortex.o
 .text.__NVIC_SetPriority
                0x08001674       0x54 build/stm32f4xx_hal_cortex.o
 .text.NVIC_EncodePriority
                0x080016c8       0x66 build/stm32f4xx_hal_cortex.o
 *fill*         0x0800172e        0x2 
 .text.SysTick_Config
                0x08001730       0x44 build/stm32f4xx_hal_cortex.o
 .text.HAL_NVIC_SetPriorityGrouping
                0x08001774       0x16 build/stm32f4xx_hal_cortex.o
                0x08001774                HAL_NVIC_SetPriorityGrouping
 .text.HAL_NVIC_SetPriority
                0x0800178a       0x38 build/stm32f4xx_hal_cortex.o
                0x0800178a                HAL_NVIC_SetPriority
 .text.HAL_NVIC_DisableIRQ
                0x080017c2       0x1c build/stm32f4xx_hal_cortex.o
                0x080017c2                HAL_NVIC_DisableIRQ
 .text.HAL_SYSTICK_Config
                0x080017de       0x18 build/stm32f4xx_hal_cortex.o
                0x080017de                HAL_SYSTICK_Config
 *fill*         0x080017f6        0x2 
 .text.HAL_Init
                0x080017f8       0x44 build/stm32f4xx_hal.o
                0x080017f8                HAL_Init
 .text.HAL_InitTick
                0x0800183c       0x60 build/stm32f4xx_hal.o
                0x0800183c                HAL_InitTick
 .text.HAL_IncTick
                0x0800189c       0x28 build/stm32f4xx_hal.o
                0x0800189c                HAL_IncTick
 .text.HAL_GetTick
                0x080018c4       0x18 build/stm32f4xx_hal.o
                0x080018c4                HAL_GetTick
 .text.SystemInit
                0x080018dc       0x2c build/system_stm32f4xx.o
                0x080018dc                SystemInit
 .text.__NVIC_EnableIRQ
                0x08001908       0x3c build/USART_STM32F4xx.o
 .text.__NVIC_ClearPendingIRQ
                0x08001944       0x3c build/USART_STM32F4xx.o
 .text.Enable_GPIO_Clock
                0x08001980      0x180 build/USART_STM32F4xx.o
 .text.USART_PeripheralReset
                0x08001b00      0x13c build/USART_STM32F4xx.o
 .text.USARTx_GetVersion
                0x08001c3c       0x2c build/USART_STM32F4xx.o
 .text.USART_GetCapabilities
                0x08001c68       0x18 build/USART_STM32F4xx.o
 .text.USART_Initialize
                0x08001c80       0xf2 build/USART_STM32F4xx.o
 .text.USART_Uninitialize
                0x08001d72       0xca build/USART_STM32F4xx.o
 .text.USART_PowerControl
                0x08001e3c      0x30c build/USART_STM32F4xx.o
 .text.USART_Send
                0x08002148       0xbc build/USART_STM32F4xx.o
 .text.USART_Receive
                0x08002204       0xe8 build/USART_STM32F4xx.o
 .text.USART_Transfer
                0x080022ec       0x88 build/USART_STM32F4xx.o
 .text.USART_GetTxCount
                0x08002374       0x1a build/USART_STM32F4xx.o
 .text.USART_GetRxCount
                0x0800238e       0x1a build/USART_STM32F4xx.o
 .text.USART_Control
                0x080023a8      0xc50 build/USART_STM32F4xx.o
 .text.USART_GetStatus
                0x08002ff8       0xc6 build/USART_STM32F4xx.o
 .text.USART_SetModemControl
                0x080030be       0xc6 build/USART_STM32F4xx.o
 .text.USART_GetModemStatus
                0x08003184       0x72 build/USART_STM32F4xx.o
 .text.USART_IRQHandler
                0x080031f6      0x38c build/USART_STM32F4xx.o
                0x080031f6                USART_IRQHandler
 *fill*         0x08003582        0x2 
 .text.USART1_GetCapabilities
                0x08003584       0x14 build/USART_STM32F4xx.o
 .text.USART1_Initialize
                0x08003598       0x20 build/USART_STM32F4xx.o
 .text.USART1_Uninitialize
                0x080035b8       0x14 build/USART_STM32F4xx.o
 .text.USART1_PowerControl
                0x080035cc       0x24 build/USART_STM32F4xx.o
 .text.USART1_Send
                0x080035f0       0x24 build/USART_STM32F4xx.o
 .text.USART1_Receive
                0x08003614       0x24 build/USART_STM32F4xx.o
 .text.USART1_Transfer
                0x08003638       0x28 build/USART_STM32F4xx.o
 .text.USART1_GetTxCount
                0x08003660       0x14 build/USART_STM32F4xx.o
 .text.USART1_GetRxCount
                0x08003674       0x14 build/USART_STM32F4xx.o
 .text.USART1_Control
                0x08003688       0x24 build/USART_STM32F4xx.o
 .text.USART1_GetStatus
                0x080036ac       0x14 build/USART_STM32F4xx.o
 .text.USART1_SetModemControl
                0x080036c0       0x24 build/USART_STM32F4xx.o
 .text.USART1_GetModemStatus
                0x080036e4       0x14 build/USART_STM32F4xx.o
 .text.USART1_IRQHandler
                0x080036f8       0x14 build/USART_STM32F4xx.o
                0x080036f8                USART1_IRQHandler
 .text.Reset_Handler
                0x0800370c       0x50 build/startup_stm32f407xx.o
                0x0800370c                Reset_Handler
 .text.Default_Handler
                0x0800375c        0x2 build/startup_stm32f407xx.o
                0x0800375c                RTC_Alarm_IRQHandler
                0x0800375c                HASH_RNG_IRQHandler
                0x0800375c                EXTI2_IRQHandler
                0x0800375c                TIM8_CC_IRQHandler
                0x0800375c                TIM1_CC_IRQHandler
                0x0800375c                DMA2_Stream5_IRQHandler
                0x0800375c                DMA1_Stream5_IRQHandler
                0x0800375c                PVD_IRQHandler
                0x0800375c                SDIO_IRQHandler
                0x0800375c                TAMP_STAMP_IRQHandler
                0x0800375c                CAN2_RX1_IRQHandler
                0x0800375c                EXTI3_IRQHandler
                0x0800375c                TIM8_TRG_COM_TIM14_IRQHandler
                0x0800375c                TIM1_UP_TIM10_IRQHandler
                0x0800375c                TIM8_UP_TIM13_IRQHandler
                0x0800375c                I2C3_ER_IRQHandler
                0x0800375c                EXTI0_IRQHandler
                0x0800375c                I2C2_EV_IRQHandler
                0x0800375c                DMA1_Stream2_IRQHandler
                0x0800375c                CAN1_RX0_IRQHandler
                0x0800375c                FPU_IRQHandler
                0x0800375c                OTG_HS_WKUP_IRQHandler
                0x0800375c                CAN2_SCE_IRQHandler
                0x0800375c                DMA2_Stream2_IRQHandler
                0x0800375c                SPI1_IRQHandler
                0x0800375c                TIM6_DAC_IRQHandler
                0x0800375c                TIM1_BRK_TIM9_IRQHandler
                0x0800375c                DCMI_IRQHandler
                0x0800375c                CAN2_RX0_IRQHandler
                0x0800375c                DMA2_Stream3_IRQHandler
                0x0800375c                USART6_IRQHandler
                0x0800375c                USART3_IRQHandler
                0x0800375c                CAN1_RX1_IRQHandler
                0x0800375c                UART5_IRQHandler
                0x0800375c                DMA2_Stream0_IRQHandler
                0x0800375c                TIM4_IRQHandler
                0x0800375c                I2C1_EV_IRQHandler
                0x0800375c                DMA1_Stream6_IRQHandler
                0x0800375c                DMA1_Stream1_IRQHandler
                0x0800375c                UART4_IRQHandler
                0x0800375c                TIM3_IRQHandler
                0x0800375c                RCC_IRQHandler
                0x0800375c                TIM8_BRK_TIM12_IRQHandler
                0x0800375c                Default_Handler
                0x0800375c                EXTI15_10_IRQHandler
                0x0800375c                ADC_IRQHandler
                0x0800375c                DMA1_Stream7_IRQHandler
                0x0800375c                TIM7_IRQHandler
                0x0800375c                CAN2_TX_IRQHandler
                0x0800375c                TIM5_IRQHandler
                0x0800375c                DMA2_Stream7_IRQHandler
                0x0800375c                I2C3_EV_IRQHandler
                0x0800375c                EXTI9_5_IRQHandler
                0x0800375c                RTC_WKUP_IRQHandler
                0x0800375c                ETH_WKUP_IRQHandler
                0x0800375c                SPI2_IRQHandler
                0x0800375c                OTG_HS_EP1_IN_IRQHandler
                0x0800375c                DMA1_Stream0_IRQHandler
                0x0800375c                CAN1_TX_IRQHandler
                0x0800375c                EXTI4_IRQHandler
                0x0800375c                FSMC_IRQHandler
                0x0800375c                ETH_IRQHandler
                0x0800375c                OTG_HS_EP1_OUT_IRQHandler
                0x0800375c                WWDG_IRQHandler
                0x0800375c                TIM2_IRQHandler
                0x0800375c                OTG_FS_WKUP_IRQHandler
                0x0800375c                TIM1_TRG_COM_TIM11_IRQHandler
                0x0800375c                OTG_HS_IRQHandler
                0x0800375c                EXTI1_IRQHandler
                0x0800375c                USART2_IRQHandler
                0x0800375c                I2C2_ER_IRQHandler
                0x0800375c                DMA2_Stream1_IRQHandler
                0x0800375c                CAN1_SCE_IRQHandler
                0x0800375c                FLASH_IRQHandler
                0x0800375c                DMA2_Stream4_IRQHandler
                0x0800375c                OTG_FS_IRQHandler
                0x0800375c                SPI3_IRQHandler
                0x0800375c                DMA1_Stream4_IRQHandler
                0x0800375c                I2C1_ER_IRQHandler
                0x0800375c                DMA2_Stream6_IRQHandler
                0x0800375c                DMA1_Stream3_IRQHandler
 *fill*         0x0800375e        0x2 
 .text.__libc_init_array
                0x08003760       0x48 c:/program files (x86)/gnu tools arm embedded/9 2019-q4-major/bin/../lib/gcc/arm-none-eabi/9.2.1/../../../../arm-none-eabi/lib/thumb/v7e-m+fp/hard\libc_nano.a(lib_a-init.o)
                0x08003760                __libc_init_array
 .text.memset   0x080037a8       0x10 c:/program files (x86)/gnu tools arm embedded/9 2019-q4-major/bin/../lib/gcc/arm-none-eabi/9.2.1/../../../../arm-none-eabi/lib/thumb/v7e-m+fp/hard\libc_nano.a(lib_a-memset.o)
                0x080037a8                memset
 *(.glue_7)
 .glue_7        0x080037b8        0x0 linker stubs
 *(.glue_7t)
 .glue_7t       0x080037b8        0x0 linker stubs
 *(.eh_frame)
 .eh_frame      0x080037b8        0x0 c:/program files (x86)/gnu tools arm embedded/9 2019-q4-major/bin/../lib/gcc/arm-none-eabi/9.2.1/thumb/v7e-m+fp/hard/crtbegin.o
 *(.init)
 .init          0x080037b8        0x4 c:/program files (x86)/gnu tools arm embedded/9 2019-q4-major/bin/../lib/gcc/arm-none-eabi/9.2.1/thumb/v7e-m+fp/hard/crti.o
                0x080037b8                _init
 .init          0x080037bc        0x8 c:/program files (x86)/gnu tools arm embedded/9 2019-q4-major/bin/../lib/gcc/arm-none-eabi/9.2.1/thumb/v7e-m+fp/hard/crtn.o
 *(.fini)
 .fini          0x080037c4        0x4 c:/program files (x86)/gnu tools arm embedded/9 2019-q4-major/bin/../lib/gcc/arm-none-eabi/9.2.1/thumb/v7e-m+fp/hard/crti.o
                0x080037c4                _fini
 .fini          0x080037c8        0x8 c:/program files (x86)/gnu tools arm embedded/9 2019-q4-major/bin/../lib/gcc/arm-none-eabi/9.2.1/thumb/v7e-m+fp/hard/crtn.o
                0x080037d0                . = ALIGN (0x4)
                0x080037d0                _etext = .

.vfp11_veneer   0x080037d0        0x0
 .vfp11_veneer  0x080037d0        0x0 linker stubs

.v4_bx          0x080037d0        0x0
 .v4_bx         0x080037d0        0x0 linker stubs

.iplt           0x080037d0        0x0
 .iplt          0x080037d0        0x0 c:/program files (x86)/gnu tools arm embedded/9 2019-q4-major/bin/../lib/gcc/arm-none-eabi/9.2.1/thumb/v7e-m+fp/hard/crtbegin.o

.rodata         0x080037d0       0xbc
                0x080037d0                . = ALIGN (0x4)
 *(.rodata)
 .rodata        0x080037d0       0x1a build/main.o
 *(.rodata*)
 *fill*         0x080037ea        0x2 
 .rodata.AHBPrescTable
                0x080037ec       0x10 build/system_stm32f4xx.o
                0x080037ec                AHBPrescTable
 .rodata.APBPrescTable
                0x080037fc        0x8 build/system_stm32f4xx.o
                0x080037fc                APBPrescTable
 .rodata.usart_driver_version
                0x08003804        0x4 build/USART_STM32F4xx.o
 .rodata.USART1_tx
                0x08003808        0xc build/USART_STM32F4xx.o
 .rodata.USART1_rx
                0x08003814        0xc build/USART_STM32F4xx.o
 .rodata.USART1_Resources
                0x08003820       0x34 build/USART_STM32F4xx.o
 .rodata.Driver_USART1
                0x08003854       0x38 build/USART_STM32F4xx.o
                0x08003854                Driver_USART1
                0x0800388c                . = ALIGN (0x4)

.ARM.extab
 *(.ARM.extab* .gnu.linkonce.armextab.*)

.ARM            0x0800388c        0x8
                0x0800388c                __exidx_start = .
 *(.ARM.exidx*)
 .ARM.exidx     0x0800388c        0x8 c:/program files (x86)/gnu tools arm embedded/9 2019-q4-major/bin/../lib/gcc/arm-none-eabi/9.2.1/thumb/v7e-m+fp/hard\libgcc.a(_udivmoddi4.o)
                0x08003894                __exidx_end = .

.rel.dyn        0x08003894        0x0
 .rel.iplt      0x08003894        0x0 c:/program files (x86)/gnu tools arm embedded/9 2019-q4-major/bin/../lib/gcc/arm-none-eabi/9.2.1/thumb/v7e-m+fp/hard/crtbegin.o

.preinit_array  0x08003894        0x0
                0x08003894                PROVIDE (__preinit_array_start = .)
 *(.preinit_array*)
                0x08003894                PROVIDE (__preinit_array_end = .)

.init_array     0x08003894        0x4
                0x08003894                PROVIDE (__init_array_start = .)
 *(SORT_BY_NAME(.init_array.*))
 *(.init_array*)
 .init_array    0x08003894        0x4 c:/program files (x86)/gnu tools arm embedded/9 2019-q4-major/bin/../lib/gcc/arm-none-eabi/9.2.1/thumb/v7e-m+fp/hard/crtbegin.o
                0x08003898                PROVIDE (__init_array_end = .)

.fini_array     0x08003898        0x4
                [!provide]                PROVIDE (__fini_array_start = .)
 *(SORT_BY_NAME(.fini_array.*))
 *(.fini_array*)
 .fini_array    0x08003898        0x4 c:/program files (x86)/gnu tools arm embedded/9 2019-q4-major/bin/../lib/gcc/arm-none-eabi/9.2.1/thumb/v7e-m+fp/hard/crtbegin.o
                [!provide]                PROVIDE (__fini_array_end = .)
                0x0800389c                _sidata = LOADADDR (.data)

.data           0x20000000       0x10 load address 0x0800389c
                0x20000000                . = ALIGN (0x4)
                0x20000000                _sdata = .
 *(.data)
 *(.data*)
 .data.uart.7618
                0x20000000        0x4 build/main.o
 .data.uwTickPrio
                0x20000004        0x4 build/stm32f4xx_hal.o
                0x20000004                uwTickPrio
 .data.uwTickFreq
                0x20000008        0x1 build/stm32f4xx_hal.o
                0x20000008                uwTickFreq
 *fill*         0x20000009        0x3 
 .data.SystemCoreClock
                0x2000000c        0x4 build/system_stm32f4xx.o
                0x2000000c                SystemCoreClock
                0x20000010                . = ALIGN (0x4)
                0x20000010                _edata = .
                0x080038ac                _siccmram = LOADADDR (.ccmram)

.igot.plt       0x20000010        0x0 load address 0x080038ac
 .igot.plt      0x20000010        0x0 c:/program files (x86)/gnu tools arm embedded/9 2019-q4-major/bin/../lib/gcc/arm-none-eabi/9.2.1/thumb/v7e-m+fp/hard/crtbegin.o

.ccmram         0x10000000        0x0 load address 0x080038ac
                0x10000000                . = ALIGN (0x4)
                0x10000000                _sccmram = .
 *(.ccmram)
 *(.ccmram*)
                0x10000000                . = ALIGN (0x4)
                0x10000000                _eccmram = .
                0x10000000                . = ALIGN (0x4)

.bss            0x20000010       0x58
                0x20000010                _sbss = .
                0x20000010                __bss_start__ = _sbss
 *(.bss)
 .bss           0x20000010       0x1c c:/program files (x86)/gnu tools arm embedded/9 2019-q4-major/bin/../lib/gcc/arm-none-eabi/9.2.1/thumb/v7e-m+fp/hard/crtbegin.o
 *(.bss*)
 .bss.USART1_Info
                0x2000002c       0x14 build/USART_STM32F4xx.o
 .bss.USART1_TransferInfo
                0x20000040       0x24 build/USART_STM32F4xx.o
 *(COMMON)
 COMMON         0x20000064        0x4 build/stm32f4xx_hal.o
                0x20000064                uwTick
                0x20000068                . = ALIGN (0x4)
                0x20000068                _ebss = .
                0x20000068                __bss_end__ = _ebss

._user_heap_stack
                0x20000068      0x600
                0x20000068                . = ALIGN (0x8)
                [!provide]                PROVIDE (end = .)
                [!provide]                PROVIDE (_end = .)
                0x20000268                . = (. + _Min_Heap_Size)
 *fill*         0x20000068      0x200 
                0x20000668                . = (. + _Min_Stack_Size)
 *fill*         0x20000268      0x400 
                0x20000668                . = ALIGN (0x8)

/DISCARD/
 libc.a(*)
 libm.a(*)
 libgcc.a(*)

.ARM.attributes
                0x00000000       0x30
 *(.ARM.attributes)
 .ARM.attributes
                0x00000000       0x1e c:/program files (x86)/gnu tools arm embedded/9 2019-q4-major/bin/../lib/gcc/arm-none-eabi/9.2.1/thumb/v7e-m+fp/hard/crti.o
 .ARM.attributes
                0x0000001e       0x34 c:/program files (x86)/gnu tools arm embedded/9 2019-q4-major/bin/../lib/gcc/arm-none-eabi/9.2.1/thumb/v7e-m+fp/hard/crtbegin.o
 .ARM.attributes
                0x00000052       0x34 build/main.o
 .ARM.attributes
                0x00000086       0x34 build/stm32f4xx_it.o
 .ARM.attributes
                0x000000ba       0x34 build/stm32f4xx_hal_msp.o
 .ARM.attributes
                0x000000ee       0x34 build/stm32f4xx_hal_rcc.o
 .ARM.attributes
                0x00000122       0x34 build/stm32f4xx_hal_gpio.o
 .ARM.attributes
                0x00000156       0x34 build/stm32f4xx_hal_dma.o
 .ARM.attributes
                0x0000018a       0x34 build/stm32f4xx_hal_cortex.o
 .ARM.attributes
                0x000001be       0x34 build/stm32f4xx_hal.o
 .ARM.attributes
                0x000001f2       0x34 build/system_stm32f4xx.o
 .ARM.attributes
                0x00000226       0x34 build/USART_STM32F4xx.o
 .ARM.attributes
                0x0000025a       0x21 build/startup_stm32f407xx.o
 .ARM.attributes
                0x0000027b       0x34 c:/program files (x86)/gnu tools arm embedded/9 2019-q4-major/bin/../lib/gcc/arm-none-eabi/9.2.1/../../../../arm-none-eabi/lib/thumb/v7e-m+fp/hard\libc_nano.a(lib_a-init.o)
 .ARM.attributes
                0x000002af       0x34 c:/program files (x86)/gnu tools arm embedded/9 2019-q4-major/bin/../lib/gcc/arm-none-eabi/9.2.1/../../../../arm-none-eabi/lib/thumb/v7e-m+fp/hard\libc_nano.a(lib_a-memset.o)
 .ARM.attributes
                0x000002e3       0x1e c:/program files (x86)/gnu tools arm embedded/9 2019-q4-major/bin/../lib/gcc/arm-none-eabi/9.2.1/thumb/v7e-m+fp/hard\libgcc.a(_aeabi_uldivmod.o)
 .ARM.attributes
                0x00000301       0x34 c:/program files (x86)/gnu tools arm embedded/9 2019-q4-major/bin/../lib/gcc/arm-none-eabi/9.2.1/thumb/v7e-m+fp/hard\libgcc.a(_udivmoddi4.o)
 .ARM.attributes
                0x00000335       0x1e c:/program files (x86)/gnu tools arm embedded/9 2019-q4-major/bin/../lib/gcc/arm-none-eabi/9.2.1/thumb/v7e-m+fp/hard\libgcc.a(_dvmd_tls.o)
 .ARM.attributes
                0x00000353       0x1e c:/program files (x86)/gnu tools arm embedded/9 2019-q4-major/bin/../lib/gcc/arm-none-eabi/9.2.1/thumb/v7e-m+fp/hard/crtn.o
OUTPUT(build/testProjectCube.elf elf32-littlearm)

.debug_info     0x00000000     0x7a67
 .debug_info    0x00000000      0xc57 build/main.o
 .debug_info    0x00000c57      0x25d build/stm32f4xx_it.o
 .debug_info    0x00000eb4      0x3e5 build/stm32f4xx_hal_msp.o
 .debug_info    0x00001299      0xa7a build/stm32f4xx_hal_rcc.o
 .debug_info    0x00001d13      0x8d4 build/stm32f4xx_hal_gpio.o
 .debug_info    0x000025e7      0xa8f build/stm32f4xx_hal_dma.o
 .debug_info    0x00003076      0xff6 build/stm32f4xx_hal_cortex.o
 .debug_info    0x0000406c      0xaa3 build/stm32f4xx_hal.o
 .debug_info    0x00004b0f      0x625 build/system_stm32f4xx.o
 .debug_info    0x00005134     0x2911 build/USART_STM32F4xx.o
 .debug_info    0x00007a45       0x22 build/startup_stm32f407xx.o

.debug_abbrev   0x00000000     0x1548
 .debug_abbrev  0x00000000      0x28f build/main.o
 .debug_abbrev  0x0000028f       0xd1 build/stm32f4xx_it.o
 .debug_abbrev  0x00000360      0x11c build/stm32f4xx_hal_msp.o
 .debug_abbrev  0x0000047c      0x274 build/stm32f4xx_hal_rcc.o
 .debug_abbrev  0x000006f0      0x1f0 build/stm32f4xx_hal_gpio.o
 .debug_abbrev  0x000008e0      0x258 build/stm32f4xx_hal_dma.o
 .debug_abbrev  0x00000b38      0x319 build/stm32f4xx_hal_cortex.o
 .debug_abbrev  0x00000e51      0x1ec build/stm32f4xx_hal.o
 .debug_abbrev  0x0000103d      0x144 build/system_stm32f4xx.o
 .debug_abbrev  0x00001181      0x3b5 build/USART_STM32F4xx.o
 .debug_abbrev  0x00001536       0x12 build/startup_stm32f407xx.o

.debug_loc      0x00000000     0x2a90
 .debug_loc     0x00000000      0x11e build/main.o
 .debug_loc     0x0000011e      0x1ec build/stm32f4xx_it.o
 .debug_loc     0x0000030a       0x5c build/stm32f4xx_hal_msp.o
 .debug_loc     0x00000366      0x3d0 build/stm32f4xx_hal_rcc.o
 .debug_loc     0x00000736      0x2d4 build/stm32f4xx_hal_gpio.o
 .debug_loc     0x00000a0a      0x510 build/stm32f4xx_hal_dma.o
 .debug_loc     0x00000f1a      0x9f4 build/stm32f4xx_hal_cortex.o
 .debug_loc     0x0000190e      0x720 build/stm32f4xx_hal.o
 .debug_loc     0x0000202e       0xa0 build/system_stm32f4xx.o
 .debug_loc     0x000020ce      0x9c2 build/USART_STM32F4xx.o

.debug_aranges  0x00000000      0x5a0
 .debug_aranges
                0x00000000       0x38 build/main.o
 .debug_aranges
                0x00000038       0x60 build/stm32f4xx_it.o
 .debug_aranges
                0x00000098       0x20 build/stm32f4xx_hal_msp.o
 .debug_aranges
                0x000000b8       0x88 build/stm32f4xx_hal_rcc.o
 .debug_aranges
                0x00000140       0x58 build/stm32f4xx_hal_gpio.o
 .debug_aranges
                0x00000198       0x90 build/stm32f4xx_hal_dma.o
 .debug_aranges
                0x00000228      0x118 build/stm32f4xx_hal_cortex.o
 .debug_aranges
                0x00000340       0xf0 build/stm32f4xx_hal.o
 .debug_aranges
                0x00000430       0x28 build/system_stm32f4xx.o
 .debug_aranges
                0x00000458      0x120 build/USART_STM32F4xx.o
 .debug_aranges
                0x00000578       0x28 build/startup_stm32f407xx.o

.debug_ranges   0x00000000      0x4f8
 .debug_ranges  0x00000000       0x28 build/main.o
 .debug_ranges  0x00000028       0x50 build/stm32f4xx_it.o
 .debug_ranges  0x00000078       0x10 build/stm32f4xx_hal_msp.o
 .debug_ranges  0x00000088       0x78 build/stm32f4xx_hal_rcc.o
 .debug_ranges  0x00000100       0x48 build/stm32f4xx_hal_gpio.o
 .debug_ranges  0x00000148       0x80 build/stm32f4xx_hal_dma.o
 .debug_ranges  0x000001c8      0x108 build/stm32f4xx_hal_cortex.o
 .debug_ranges  0x000002d0       0xe0 build/stm32f4xx_hal.o
 .debug_ranges  0x000003b0       0x18 build/system_stm32f4xx.o
 .debug_ranges  0x000003c8      0x110 build/USART_STM32F4xx.o
 .debug_ranges  0x000004d8       0x20 build/startup_stm32f407xx.o

.debug_line     0x00000000     0x4849
 .debug_line    0x00000000      0x302 build/main.o
 .debug_line    0x00000302      0x268 build/stm32f4xx_it.o
 .debug_line    0x0000056a      0x1cf build/stm32f4xx_hal_msp.o
 .debug_line    0x00000739      0x897 build/stm32f4xx_hal_rcc.o
 .debug_line    0x00000fd0      0x68b build/stm32f4xx_hal_gpio.o
 .debug_line    0x0000165b      0xa6b build/stm32f4xx_hal_dma.o
 .debug_line    0x000020c6      0x7ac build/stm32f4xx_hal_cortex.o
 .debug_line    0x00002872      0x4eb build/stm32f4xx_hal.o
 .debug_line    0x00002d5d      0x260 build/system_stm32f4xx.o
 .debug_line    0x00002fbd     0x1819 build/USART_STM32F4xx.o
 .debug_line    0x000047d6       0x73 build/startup_stm32f407xx.o

.debug_str      0x00000000     0x2591
 .debug_str     0x00000000      0x71e build/main.o
                                0x8a6 (size before relaxing)
 .debug_str     0x0000071e       0xa3 build/stm32f4xx_it.o
                                0x31e (size before relaxing)
 .debug_str     0x000007c1       0x24 build/stm32f4xx_hal_msp.o
                                0x3a2 (size before relaxing)
 .debug_str     0x000007e5      0x27d build/stm32f4xx_hal_rcc.o
                                0x771 (size before relaxing)
 .debug_str     0x00000a62      0x171 build/stm32f4xx_hal_gpio.o
                                0x5ba (size before relaxing)
 .debug_str     0x00000bd3      0x531 build/stm32f4xx_hal_dma.o
                                0x834 (size before relaxing)
 .debug_str     0x00001104      0x9fa build/stm32f4xx_hal_cortex.o
                                0xcf4 (size before relaxing)
 .debug_str     0x00001afe      0x257 build/stm32f4xx_hal.o
                                0xb70 (size before relaxing)
 .debug_str     0x00001d55       0x42 build/system_stm32f4xx.o
                                0x41e (size before relaxing)
 .debug_str     0x00001d97      0x7d6 build/USART_STM32F4xx.o
                               0x17cb (size before relaxing)
 .debug_str     0x0000256d       0x24 build/startup_stm32f407xx.o
                                 0x57 (size before relaxing)

.comment        0x00000000       0x79
 .comment       0x00000000       0x79 build/main.o
                                 0x7a (size before relaxing)
 .comment       0x00000079       0x7a build/stm32f4xx_it.o
 .comment       0x00000079       0x7a build/stm32f4xx_hal_msp.o
 .comment       0x00000079       0x7a build/stm32f4xx_hal_rcc.o
 .comment       0x00000079       0x7a build/stm32f4xx_hal_gpio.o
 .comment       0x00000079       0x7a build/stm32f4xx_hal_dma.o
 .comment       0x00000079       0x7a build/stm32f4xx_hal_cortex.o
 .comment       0x00000079       0x7a build/stm32f4xx_hal.o
 .comment       0x00000079       0x7a build/system_stm32f4xx.o
 .comment       0x00000079       0x7a build/USART_STM32F4xx.o

.debug_frame    0x00000000     0x1678
 .debug_frame   0x00000000       0xac build/main.o
 .debug_frame   0x000000ac      0x12c build/stm32f4xx_it.o
 .debug_frame   0x000001d8       0x38 build/stm32f4xx_hal_msp.o
 .debug_frame   0x00000210      0x20c build/stm32f4xx_hal_rcc.o
 .debug_frame   0x0000041c      0x154 build/stm32f4xx_hal_gpio.o
 .debug_frame   0x00000570      0x268 build/stm32f4xx_hal_dma.o
 .debug_frame   0x000007d8      0x4d4 build/stm32f4xx_hal_cortex.o
 .debug_frame   0x00000cac      0x3d8 build/stm32f4xx_hal.o
 .debug_frame   0x00001084       0x5c build/system_stm32f4xx.o
 .debug_frame   0x000010e0      0x4ec build/USART_STM32F4xx.o
 .debug_frame   0x000015cc       0x2c c:/program files (x86)/gnu tools arm embedded/9 2019-q4-major/bin/../lib/gcc/arm-none-eabi/9.2.1/../../../../arm-none-eabi/lib/thumb/v7e-m+fp/hard\libc_nano.a(lib_a-init.o)
 .debug_frame   0x000015f8       0x20 c:/program files (x86)/gnu tools arm embedded/9 2019-q4-major/bin/../lib/gcc/arm-none-eabi/9.2.1/../../../../arm-none-eabi/lib/thumb/v7e-m+fp/hard\libc_nano.a(lib_a-memset.o)
 .debug_frame   0x00001618       0x2c c:/program files (x86)/gnu tools arm embedded/9 2019-q4-major/bin/../lib/gcc/arm-none-eabi/9.2.1/thumb/v7e-m+fp/hard\libgcc.a(_aeabi_uldivmod.o)
 .debug_frame   0x00001644       0x34 c:/program files (x86)/gnu tools arm embedded/9 2019-q4-major/bin/../lib/gcc/arm-none-eabi/9.2.1/thumb/v7e-m+fp/hard\libgcc.a(_udivmoddi4.o)

Cross Reference Table

Symbol                                            File
ADC_IRQHandler                                    build/startup_stm32f407xx.o
AHBPrescTable                                     build/system_stm32f4xx.o
                                                  build/stm32f4xx_hal_rcc.o
APBPrescTable                                     build/system_stm32f4xx.o
                                                  build/stm32f4xx_hal_rcc.o
BusFault_Handler                                  build/stm32f4xx_it.o
CAN1_RX0_IRQHandler                               build/startup_stm32f407xx.o
CAN1_RX1_IRQHandler                               build/startup_stm32f407xx.o
CAN1_SCE_IRQHandler                               build/startup_stm32f407xx.o
CAN1_TX_IRQHandler                                build/startup_stm32f407xx.o
CAN2_RX0_IRQHandler                               build/startup_stm32f407xx.o
CAN2_RX1_IRQHandler                               build/startup_stm32f407xx.o
CAN2_SCE_IRQHandler                               build/startup_stm32f407xx.o
CAN2_TX_IRQHandler                                build/startup_stm32f407xx.o
DCMI_IRQHandler                                   build/startup_stm32f407xx.o
DMA1_Stream0_IRQHandler                           build/startup_stm32f407xx.o
DMA1_Stream1_IRQHandler                           build/startup_stm32f407xx.o
DMA1_Stream2_IRQHandler                           build/startup_stm32f407xx.o
DMA1_Stream3_IRQHandler                           build/startup_stm32f407xx.o
DMA1_Stream4_IRQHandler                           build/startup_stm32f407xx.o
DMA1_Stream5_IRQHandler                           build/startup_stm32f407xx.o
DMA1_Stream6_IRQHandler                           build/startup_stm32f407xx.o
DMA1_Stream7_IRQHandler                           build/startup_stm32f407xx.o
DMA2_Stream0_IRQHandler                           build/startup_stm32f407xx.o
DMA2_Stream1_IRQHandler                           build/startup_stm32f407xx.o
DMA2_Stream2_IRQHandler                           build/startup_stm32f407xx.o
DMA2_Stream3_IRQHandler                           build/startup_stm32f407xx.o
DMA2_Stream4_IRQHandler                           build/startup_stm32f407xx.o
DMA2_Stream5_IRQHandler                           build/startup_stm32f407xx.o
DMA2_Stream6_IRQHandler                           build/startup_stm32f407xx.o
DMA2_Stream7_IRQHandler                           build/startup_stm32f407xx.o
DebugMon_Handler                                  build/stm32f4xx_it.o
Default_Handler                                   build/startup_stm32f407xx.o
Driver_USART1                                     build/USART_STM32F4xx.o
                                                  build/main.o
ETH_IRQHandler                                    build/startup_stm32f407xx.o
ETH_WKUP_IRQHandler                               build/startup_stm32f407xx.o
EXTI0_IRQHandler                                  build/startup_stm32f407xx.o
EXTI15_10_IRQHandler                              build/startup_stm32f407xx.o
EXTI1_IRQHandler                                  build/startup_stm32f407xx.o
EXTI2_IRQHandler                                  build/startup_stm32f407xx.o
EXTI3_IRQHandler                                  build/startup_stm32f407xx.o
EXTI4_IRQHandler                                  build/startup_stm32f407xx.o
EXTI9_5_IRQHandler                                build/startup_stm32f407xx.o
Error_Handler                                     build/main.o
FLASH_Erase_Sector                                build/stm32f4xx_hal_flash_ex.o
                                                  build/stm32f4xx_hal_flash.o
FLASH_FlushCaches                                 build/stm32f4xx_hal_flash_ex.o
                                                  build/stm32f4xx_hal_flash.o
FLASH_IRQHandler                                  build/startup_stm32f407xx.o
FLASH_WaitForLastOperation                        build/stm32f4xx_hal_flash.o
                                                  build/stm32f4xx_hal_flash_ex.o
FPU_IRQHandler                                    build/startup_stm32f407xx.o
FSMC_IRQHandler                                   build/startup_stm32f407xx.o
HAL_DBGMCU_DisableDBGSleepMode                    build/stm32f4xx_hal.o
HAL_DBGMCU_DisableDBGStandbyMode                  build/stm32f4xx_hal.o
HAL_DBGMCU_DisableDBGStopMode                     build/stm32f4xx_hal.o
HAL_DBGMCU_EnableDBGSleepMode                     build/stm32f4xx_hal.o
HAL_DBGMCU_EnableDBGStandbyMode                   build/stm32f4xx_hal.o
HAL_DBGMCU_EnableDBGStopMode                      build/stm32f4xx_hal.o
HAL_DMAEx_ChangeMemory                            build/stm32f4xx_hal_dma_ex.o
HAL_DMAEx_MultiBufferStart                        build/stm32f4xx_hal_dma_ex.o
HAL_DMAEx_MultiBufferStart_IT                     build/stm32f4xx_hal_dma_ex.o
HAL_DMA_Abort                                     build/stm32f4xx_hal_dma.o
                                                  build/USART_STM32F4xx.o
HAL_DMA_Abort_IT                                  build/stm32f4xx_hal_dma.o
HAL_DMA_DeInit                                    build/stm32f4xx_hal_dma.o
HAL_DMA_GetError                                  build/stm32f4xx_hal_dma.o
HAL_DMA_GetState                                  build/stm32f4xx_hal_dma.o
HAL_DMA_IRQHandler                                build/stm32f4xx_hal_dma.o
HAL_DMA_Init                                      build/stm32f4xx_hal_dma.o
HAL_DMA_PollForTransfer                           build/stm32f4xx_hal_dma.o
HAL_DMA_RegisterCallback                          build/stm32f4xx_hal_dma.o
HAL_DMA_Start                                     build/stm32f4xx_hal_dma.o
HAL_DMA_Start_IT                                  build/stm32f4xx_hal_dma.o
HAL_DMA_UnRegisterCallback                        build/stm32f4xx_hal_dma.o
HAL_DeInit                                        build/stm32f4xx_hal.o
HAL_Delay                                         build/stm32f4xx_hal.o
HAL_DisableCompensationCell                       build/stm32f4xx_hal.o
HAL_EXTI_ClearConfigLine                          build/stm32f4xx_hal_exti.o
HAL_EXTI_ClearPending                             build/stm32f4xx_hal_exti.o
HAL_EXTI_GenerateSWI                              build/stm32f4xx_hal_exti.o
HAL_EXTI_GetConfigLine                            build/stm32f4xx_hal_exti.o
HAL_EXTI_GetHandle                                build/stm32f4xx_hal_exti.o
HAL_EXTI_GetPending                               build/stm32f4xx_hal_exti.o
HAL_EXTI_IRQHandler                               build/stm32f4xx_hal_exti.o
HAL_EXTI_RegisterCallback                         build/stm32f4xx_hal_exti.o
HAL_EXTI_SetConfigLine                            build/stm32f4xx_hal_exti.o
HAL_EnableCompensationCell                        build/stm32f4xx_hal.o
HAL_FLASHEx_Erase                                 build/stm32f4xx_hal_flash_ex.o
HAL_FLASHEx_Erase_IT                              build/stm32f4xx_hal_flash_ex.o
HAL_FLASHEx_OBGetConfig                           build/stm32f4xx_hal_flash_ex.o
HAL_FLASHEx_OBProgram                             build/stm32f4xx_hal_flash_ex.o
HAL_FLASH_EndOfOperationCallback                  build/stm32f4xx_hal_flash.o
HAL_FLASH_GetError                                build/stm32f4xx_hal_flash.o
HAL_FLASH_IRQHandler                              build/stm32f4xx_hal_flash.o
HAL_FLASH_Lock                                    build/stm32f4xx_hal_flash.o
HAL_FLASH_OB_Launch                               build/stm32f4xx_hal_flash.o
HAL_FLASH_OB_Lock                                 build/stm32f4xx_hal_flash.o
HAL_FLASH_OB_Unlock                               build/stm32f4xx_hal_flash.o
HAL_FLASH_OperationErrorCallback                  build/stm32f4xx_hal_flash.o
HAL_FLASH_Program                                 build/stm32f4xx_hal_flash.o
HAL_FLASH_Program_IT                              build/stm32f4xx_hal_flash.o
HAL_FLASH_Unlock                                  build/stm32f4xx_hal_flash.o
HAL_GPIO_DeInit                                   build/stm32f4xx_hal_gpio.o
                                                  build/USART_STM32F4xx.o
HAL_GPIO_EXTI_Callback                            build/stm32f4xx_hal_gpio.o
HAL_GPIO_EXTI_IRQHandler                          build/stm32f4xx_hal_gpio.o
HAL_GPIO_Init                                     build/stm32f4xx_hal_gpio.o
                                                  build/USART_STM32F4xx.o
                                                  build/stm32f4xx_hal_rcc.o
HAL_GPIO_LockPin                                  build/stm32f4xx_hal_gpio.o
HAL_GPIO_ReadPin                                  build/stm32f4xx_hal_gpio.o
                                                  build/USART_STM32F4xx.o
HAL_GPIO_TogglePin                                build/stm32f4xx_hal_gpio.o
HAL_GPIO_WritePin                                 build/stm32f4xx_hal_gpio.o
                                                  build/USART_STM32F4xx.o
HAL_GetDEVID                                      build/stm32f4xx_hal.o
HAL_GetHalVersion                                 build/stm32f4xx_hal.o
HAL_GetREVID                                      build/stm32f4xx_hal.o
HAL_GetTick                                       build/stm32f4xx_hal.o
                                                  build/stm32f4xx_hal_pwr_ex.o
                                                  build/stm32f4xx_hal_dma.o
                                                  build/stm32f4xx_hal_flash.o
                                                  build/stm32f4xx_hal_rcc_ex.o
                                                  build/stm32f4xx_hal_rcc.o
HAL_GetTickFreq                                   build/stm32f4xx_hal.o
HAL_GetTickPrio                                   build/stm32f4xx_hal.o
HAL_GetUIDw0                                      build/stm32f4xx_hal.o
HAL_GetUIDw1                                      build/stm32f4xx_hal.o
HAL_GetUIDw2                                      build/stm32f4xx_hal.o
HAL_IncTick                                       build/stm32f4xx_hal.o
                                                  build/stm32f4xx_it.o
HAL_Init                                          build/stm32f4xx_hal.o
                                                  build/main.o
HAL_InitTick                                      build/stm32f4xx_hal.o
                                                  build/stm32f4xx_hal_rcc_ex.o
                                                  build/stm32f4xx_hal_rcc.o
HAL_MPU_ConfigRegion                              build/stm32f4xx_hal_cortex.o
HAL_MPU_Disable                                   build/stm32f4xx_hal_cortex.o
HAL_MPU_Enable                                    build/stm32f4xx_hal_cortex.o
HAL_MspDeInit                                     build/stm32f4xx_hal.o
HAL_MspInit                                       build/stm32f4xx_hal_msp.o
HAL_NVIC_ClearPendingIRQ                          build/stm32f4xx_hal_cortex.o
HAL_NVIC_DisableIRQ                               build/stm32f4xx_hal_cortex.o
                                                  build/USART_STM32F4xx.o
HAL_NVIC_EnableIRQ                                build/stm32f4xx_hal_cortex.o
HAL_NVIC_GetActive                                build/stm32f4xx_hal_cortex.o
HAL_NVIC_GetPendingIRQ                            build/stm32f4xx_hal_cortex.o
HAL_NVIC_GetPriority                              build/stm32f4xx_hal_cortex.o
HAL_NVIC_GetPriorityGrouping                      build/stm32f4xx_hal_cortex.o
HAL_NVIC_SetPendingIRQ                            build/stm32f4xx_hal_cortex.o
HAL_NVIC_SetPriority                              build/stm32f4xx_hal_cortex.o
                                                  build/stm32f4xx_hal.o
HAL_NVIC_SetPriorityGrouping                      build/stm32f4xx_hal_cortex.o
                                                  build/stm32f4xx_hal.o
HAL_NVIC_SystemReset                              build/stm32f4xx_hal_cortex.o
HAL_PWREx_ControlVoltageScaling                   build/stm32f4xx_hal_pwr_ex.o
HAL_PWREx_DisableBkUpReg                          build/stm32f4xx_hal_pwr_ex.o
HAL_PWREx_DisableFlashPowerDown                   build/stm32f4xx_hal_pwr_ex.o
HAL_PWREx_EnableBkUpReg                           build/stm32f4xx_hal_pwr_ex.o
HAL_PWREx_EnableFlashPowerDown                    build/stm32f4xx_hal_pwr_ex.o
HAL_PWREx_GetVoltageRange                         build/stm32f4xx_hal_pwr_ex.o
HAL_PWR_ConfigPVD                                 build/stm32f4xx_hal_pwr.o
HAL_PWR_DeInit                                    build/stm32f4xx_hal_pwr.o
HAL_PWR_DisableBkUpAccess                         build/stm32f4xx_hal_pwr.o
HAL_PWR_DisablePVD                                build/stm32f4xx_hal_pwr.o
HAL_PWR_DisableSEVOnPend                          build/stm32f4xx_hal_pwr.o
HAL_PWR_DisableSleepOnExit                        build/stm32f4xx_hal_pwr.o
HAL_PWR_DisableWakeUpPin                          build/stm32f4xx_hal_pwr.o
HAL_PWR_EnableBkUpAccess                          build/stm32f4xx_hal_pwr.o
HAL_PWR_EnablePVD                                 build/stm32f4xx_hal_pwr.o
HAL_PWR_EnableSEVOnPend                           build/stm32f4xx_hal_pwr.o
HAL_PWR_EnableSleepOnExit                         build/stm32f4xx_hal_pwr.o
HAL_PWR_EnableWakeUpPin                           build/stm32f4xx_hal_pwr.o
HAL_PWR_EnterSLEEPMode                            build/stm32f4xx_hal_pwr.o
HAL_PWR_EnterSTANDBYMode                          build/stm32f4xx_hal_pwr.o
HAL_PWR_EnterSTOPMode                             build/stm32f4xx_hal_pwr.o
HAL_PWR_PVDCallback                               build/stm32f4xx_hal_pwr.o
HAL_PWR_PVD_IRQHandler                            build/stm32f4xx_hal_pwr.o
HAL_RCCEx_DisablePLLI2S                           build/stm32f4xx_hal_rcc_ex.o
HAL_RCCEx_EnablePLLI2S                            build/stm32f4xx_hal_rcc_ex.o
HAL_RCCEx_GetPeriphCLKConfig                      build/stm32f4xx_hal_rcc_ex.o
HAL_RCCEx_GetPeriphCLKFreq                        build/stm32f4xx_hal_rcc_ex.o
HAL_RCCEx_PeriphCLKConfig                         build/stm32f4xx_hal_rcc_ex.o
HAL_RCC_CSSCallback                               build/stm32f4xx_hal_rcc.o
HAL_RCC_ClockConfig                               build/stm32f4xx_hal_rcc.o
                                                  build/main.o
HAL_RCC_DeInit                                    build/stm32f4xx_hal_rcc_ex.o
                                                  build/stm32f4xx_hal_rcc.o
HAL_RCC_DisableCSS                                build/stm32f4xx_hal_rcc.o
HAL_RCC_EnableCSS                                 build/stm32f4xx_hal_rcc.o
HAL_RCC_GetClockConfig                            build/stm32f4xx_hal_rcc.o
HAL_RCC_GetHCLKFreq                               build/stm32f4xx_hal_rcc.o
HAL_RCC_GetOscConfig                              build/stm32f4xx_hal_rcc.o
HAL_RCC_GetPCLK1Freq                              build/stm32f4xx_hal_rcc.o
HAL_RCC_GetPCLK2Freq                              build/stm32f4xx_hal_rcc.o
                                                  build/USART_STM32F4xx.o
HAL_RCC_GetSysClockFreq                           build/stm32f4xx_hal_rcc.o
HAL_RCC_MCOConfig                                 build/stm32f4xx_hal_rcc.o
HAL_RCC_NMI_IRQHandler                            build/stm32f4xx_hal_rcc.o
HAL_RCC_OscConfig                                 build/stm32f4xx_hal_rcc.o
                                                  build/main.o
HAL_ResumeTick                                    build/stm32f4xx_hal.o
HAL_SYSTICK_CLKSourceConfig                       build/stm32f4xx_hal_cortex.o
HAL_SYSTICK_Callback                              build/stm32f4xx_hal_cortex.o
HAL_SYSTICK_Config                                build/stm32f4xx_hal_cortex.o
                                                  build/stm32f4xx_hal.o
HAL_SYSTICK_IRQHandler                            build/stm32f4xx_hal_cortex.o
HAL_SetTickFreq                                   build/stm32f4xx_hal.o
HAL_SuspendTick                                   build/stm32f4xx_hal.o
HASH_RNG_IRQHandler                               build/startup_stm32f407xx.o
HardFault_Handler                                 build/stm32f4xx_it.o
I2C1_ER_IRQHandler                                build/startup_stm32f407xx.o
I2C1_EV_IRQHandler                                build/startup_stm32f407xx.o
I2C2_ER_IRQHandler                                build/startup_stm32f407xx.o
I2C2_EV_IRQHandler                                build/startup_stm32f407xx.o
I2C3_ER_IRQHandler                                build/startup_stm32f407xx.o
I2C3_EV_IRQHandler                                build/startup_stm32f407xx.o
MemManage_Handler                                 build/stm32f4xx_it.o
NMI_Handler                                       build/stm32f4xx_it.o
OTG_FS_IRQHandler                                 build/startup_stm32f407xx.o
OTG_FS_WKUP_IRQHandler                            build/startup_stm32f407xx.o
OTG_HS_EP1_IN_IRQHandler                          build/startup_stm32f407xx.o
OTG_HS_EP1_OUT_IRQHandler                         build/startup_stm32f407xx.o
OTG_HS_IRQHandler                                 build/startup_stm32f407xx.o
OTG_HS_WKUP_IRQHandler                            build/startup_stm32f407xx.o
PVD_IRQHandler                                    build/startup_stm32f407xx.o
PendSV_Handler                                    build/stm32f4xx_it.o
RCC_IRQHandler                                    build/startup_stm32f407xx.o
RTC_Alarm_IRQHandler                              build/startup_stm32f407xx.o
RTC_WKUP_IRQHandler                               build/startup_stm32f407xx.o
Reset_Handler                                     build/startup_stm32f407xx.o
SDIO_IRQHandler                                   build/startup_stm32f407xx.o
SPI1_IRQHandler                                   build/startup_stm32f407xx.o
SPI2_IRQHandler                                   build/startup_stm32f407xx.o
SPI3_IRQHandler                                   build/startup_stm32f407xx.o
SVC_Handler                                       build/stm32f4xx_it.o
SysTick_Handler                                   build/stm32f4xx_it.o
SystemClock_Config                                build/main.o
SystemCoreClock                                   build/system_stm32f4xx.o
                                                  build/stm32f4xx_hal.o
                                                  build/stm32f4xx_hal_dma.o
                                                  build/stm32f4xx_hal_rcc_ex.o
                                                  build/stm32f4xx_hal_rcc.o
SystemCoreClockUpdate                             build/system_stm32f4xx.o
SystemInit                                        build/system_stm32f4xx.o
                                                  build/startup_stm32f407xx.o
TAMP_STAMP_IRQHandler                             build/startup_stm32f407xx.o
TIM1_BRK_TIM9_IRQHandler                          build/startup_stm32f407xx.o
TIM1_CC_IRQHandler                                build/startup_stm32f407xx.o
TIM1_TRG_COM_TIM11_IRQHandler                     build/startup_stm32f407xx.o
TIM1_UP_TIM10_IRQHandler                          build/startup_stm32f407xx.o
TIM2_IRQHandler                                   build/startup_stm32f407xx.o
TIM3_IRQHandler                                   build/startup_stm32f407xx.o
TIM4_IRQHandler                                   build/startup_stm32f407xx.o
TIM5_IRQHandler                                   build/startup_stm32f407xx.o
TIM6_DAC_IRQHandler                               build/startup_stm32f407xx.o
TIM7_IRQHandler                                   build/startup_stm32f407xx.o
TIM8_BRK_TIM12_IRQHandler                         build/startup_stm32f407xx.o
TIM8_CC_IRQHandler                                build/startup_stm32f407xx.o
TIM8_TRG_COM_TIM14_IRQHandler                     build/startup_stm32f407xx.o
TIM8_UP_TIM13_IRQHandler                          build/startup_stm32f407xx.o
UART4_IRQHandler                                  build/startup_stm32f407xx.o
UART5_IRQHandler                                  build/startup_stm32f407xx.o
USART1_IRQHandler                                 build/USART_STM32F4xx.o
USART2_IRQHandler                                 build/startup_stm32f407xx.o
USART3_IRQHandler                                 build/startup_stm32f407xx.o
USART6_IRQHandler                                 build/startup_stm32f407xx.o
USART_IRQHandler                                  build/USART_STM32F4xx.o
UsageFault_Handler                                build/stm32f4xx_it.o
WWDG_IRQHandler                                   build/startup_stm32f407xx.o
__aeabi_idiv0                                     c:/program files (x86)/gnu tools arm embedded/9 2019-q4-major/bin/../lib/gcc/arm-none-eabi/9.2.1/thumb/v7e-m+fp/hard\libgcc.a(_dvmd_tls.o)
__aeabi_ldiv0                                     c:/program files (x86)/gnu tools arm embedded/9 2019-q4-major/bin/../lib/gcc/arm-none-eabi/9.2.1/thumb/v7e-m+fp/hard\libgcc.a(_dvmd_tls.o)
                                                  c:/program files (x86)/gnu tools arm embedded/9 2019-q4-major/bin/../lib/gcc/arm-none-eabi/9.2.1/thumb/v7e-m+fp/hard\libgcc.a(_aeabi_uldivmod.o)
__aeabi_uldivmod                                  c:/program files (x86)/gnu tools arm embedded/9 2019-q4-major/bin/../lib/gcc/arm-none-eabi/9.2.1/thumb/v7e-m+fp/hard\libgcc.a(_aeabi_uldivmod.o)
                                                  build/stm32f4xx_hal_rcc.o
__bss_end__                                       c:/program files (x86)/gnu tools arm embedded/9 2019-q4-major/bin/../lib/gcc/arm-none-eabi/9.2.1/../../../../arm-none-eabi/lib/thumb/v7e-m+fp/hard/crt0.o
__bss_start__                                     c:/program files (x86)/gnu tools arm embedded/9 2019-q4-major/bin/../lib/gcc/arm-none-eabi/9.2.1/../../../../arm-none-eabi/lib/thumb/v7e-m+fp/hard/crt0.o
__call_exitprocs                                  c:/program files (x86)/gnu tools arm embedded/9 2019-q4-major/bin/../lib/gcc/arm-none-eabi/9.2.1/../../../../arm-none-eabi/lib/thumb/v7e-m+fp/hard\libc_nano.a(lib_a-exit.o)
__deregister_frame_info                           c:/program files (x86)/gnu tools arm embedded/9 2019-q4-major/bin/../lib/gcc/arm-none-eabi/9.2.1/thumb/v7e-m+fp/hard/crtbegin.o
__dso_handle                                      c:/program files (x86)/gnu tools arm embedded/9 2019-q4-major/bin/../lib/gcc/arm-none-eabi/9.2.1/thumb/v7e-m+fp/hard/crtbegin.o
__init_array_end                                  c:/program files (x86)/gnu tools arm embedded/9 2019-q4-major/bin/../lib/gcc/arm-none-eabi/9.2.1/../../../../arm-none-eabi/lib/thumb/v7e-m+fp/hard\libc_nano.a(lib_a-init.o)
__init_array_start                                c:/program files (x86)/gnu tools arm embedded/9 2019-q4-major/bin/../lib/gcc/arm-none-eabi/9.2.1/../../../../arm-none-eabi/lib/thumb/v7e-m+fp/hard\libc_nano.a(lib_a-init.o)
__libc_fini_array                                 c:/program files (x86)/gnu tools arm embedded/9 2019-q4-major/bin/../lib/gcc/arm-none-eabi/9.2.1/../../../../arm-none-eabi/lib/thumb/v7e-m+fp/hard/crt0.o
__libc_init_array                                 c:/program files (x86)/gnu tools arm embedded/9 2019-q4-major/bin/../lib/gcc/arm-none-eabi/9.2.1/../../../../arm-none-eabi/lib/thumb/v7e-m+fp/hard\libc_nano.a(lib_a-init.o)
                                                  build/startup_stm32f407xx.o
                                                  c:/program files (x86)/gnu tools arm embedded/9 2019-q4-major/bin/../lib/gcc/arm-none-eabi/9.2.1/../../../../arm-none-eabi/lib/thumb/v7e-m+fp/hard/crt0.o
__preinit_array_end                               c:/program files (x86)/gnu tools arm embedded/9 2019-q4-major/bin/../lib/gcc/arm-none-eabi/9.2.1/../../../../arm-none-eabi/lib/thumb/v7e-m+fp/hard\libc_nano.a(lib_a-init.o)
__preinit_array_start                             c:/program files (x86)/gnu tools arm embedded/9 2019-q4-major/bin/../lib/gcc/arm-none-eabi/9.2.1/../../../../arm-none-eabi/lib/thumb/v7e-m+fp/hard\libc_nano.a(lib_a-init.o)
__register_frame_info                             c:/program files (x86)/gnu tools arm embedded/9 2019-q4-major/bin/../lib/gcc/arm-none-eabi/9.2.1/thumb/v7e-m+fp/hard/crtbegin.o
__sf_fake_stderr                                  c:/program files (x86)/gnu tools arm embedded/9 2019-q4-major/bin/../lib/gcc/arm-none-eabi/9.2.1/../../../../arm-none-eabi/lib/thumb/v7e-m+fp/hard\libc_nano.a(lib_a-impure.o)
__sf_fake_stdin                                   c:/program files (x86)/gnu tools arm embedded/9 2019-q4-major/bin/../lib/gcc/arm-none-eabi/9.2.1/../../../../arm-none-eabi/lib/thumb/v7e-m+fp/hard\libc_nano.a(lib_a-impure.o)
__sf_fake_stdout                                  c:/program files (x86)/gnu tools arm embedded/9 2019-q4-major/bin/../lib/gcc/arm-none-eabi/9.2.1/../../../../arm-none-eabi/lib/thumb/v7e-m+fp/hard\libc_nano.a(lib_a-impure.o)
__stack                                           c:/program files (x86)/gnu tools arm embedded/9 2019-q4-major/bin/../lib/gcc/arm-none-eabi/9.2.1/../../../../arm-none-eabi/lib/thumb/v7e-m+fp/hard/crt0.o
__udivmoddi4                                      c:/program files (x86)/gnu tools arm embedded/9 2019-q4-major/bin/../lib/gcc/arm-none-eabi/9.2.1/thumb/v7e-m+fp/hard\libgcc.a(_udivmoddi4.o)
                                                  c:/program files (x86)/gnu tools arm embedded/9 2019-q4-major/bin/../lib/gcc/arm-none-eabi/9.2.1/thumb/v7e-m+fp/hard\libgcc.a(_aeabi_uldivmod.o)
_ebss                                             build/startup_stm32f407xx.o
_edata                                            build/startup_stm32f407xx.o
_estack                                           build/startup_stm32f407xx.o
_exit                                             c:/program files (x86)/gnu tools arm embedded/9 2019-q4-major/bin/../lib/gcc/arm-none-eabi/9.2.1/../../../../arm-none-eabi/lib/thumb/v7e-m+fp/hard\libnosys.a(_exit.o)
                                                  c:/program files (x86)/gnu tools arm embedded/9 2019-q4-major/bin/../lib/gcc/arm-none-eabi/9.2.1/../../../../arm-none-eabi/lib/thumb/v7e-m+fp/hard\libc_nano.a(lib_a-exit.o)
_fini                                             c:/program files (x86)/gnu tools arm embedded/9 2019-q4-major/bin/../lib/gcc/arm-none-eabi/9.2.1/thumb/v7e-m+fp/hard/crti.o
_global_impure_ptr                                c:/program files (x86)/gnu tools arm embedded/9 2019-q4-major/bin/../lib/gcc/arm-none-eabi/9.2.1/../../../../arm-none-eabi/lib/thumb/v7e-m+fp/hard\libc_nano.a(lib_a-impure.o)
                                                  c:/program files (x86)/gnu tools arm embedded/9 2019-q4-major/bin/../lib/gcc/arm-none-eabi/9.2.1/../../../../arm-none-eabi/lib/thumb/v7e-m+fp/hard\libc_nano.a(lib_a-exit.o)
_impure_ptr                                       c:/program files (x86)/gnu tools arm embedded/9 2019-q4-major/bin/../lib/gcc/arm-none-eabi/9.2.1/../../../../arm-none-eabi/lib/thumb/v7e-m+fp/hard\libc_nano.a(lib_a-impure.o)
_init                                             c:/program files (x86)/gnu tools arm embedded/9 2019-q4-major/bin/../lib/gcc/arm-none-eabi/9.2.1/thumb/v7e-m+fp/hard/crti.o
                                                  c:/program files (x86)/gnu tools arm embedded/9 2019-q4-major/bin/../lib/gcc/arm-none-eabi/9.2.1/../../../../arm-none-eabi/lib/thumb/v7e-m+fp/hard\libc_nano.a(lib_a-init.o)
_mainCRTStartup                                   c:/program files (x86)/gnu tools arm embedded/9 2019-q4-major/bin/../lib/gcc/arm-none-eabi/9.2.1/../../../../arm-none-eabi/lib/thumb/v7e-m+fp/hard/crt0.o
_sbss                                             build/startup_stm32f407xx.o
_sdata                                            build/startup_stm32f407xx.o
_sidata                                           build/startup_stm32f407xx.o
_start                                            c:/program files (x86)/gnu tools arm embedded/9 2019-q4-major/bin/../lib/gcc/arm-none-eabi/9.2.1/../../../../arm-none-eabi/lib/thumb/v7e-m+fp/hard/crt0.o
atexit                                            c:/program files (x86)/gnu tools arm embedded/9 2019-q4-major/bin/../lib/gcc/arm-none-eabi/9.2.1/../../../../arm-none-eabi/lib/thumb/v7e-m+fp/hard/crt0.o
exit                                              c:/program files (x86)/gnu tools arm embedded/9 2019-q4-major/bin/../lib/gcc/arm-none-eabi/9.2.1/../../../../arm-none-eabi/lib/thumb/v7e-m+fp/hard\libc_nano.a(lib_a-exit.o)
                                                  c:/program files (x86)/gnu tools arm embedded/9 2019-q4-major/bin/../lib/gcc/arm-none-eabi/9.2.1/../../../../arm-none-eabi/lib/thumb/v7e-m+fp/hard/crt0.o
g_pfnVectors                                      build/startup_stm32f407xx.o
hardware_init_hook                                c:/program files (x86)/gnu tools arm embedded/9 2019-q4-major/bin/../lib/gcc/arm-none-eabi/9.2.1/../../../../arm-none-eabi/lib/thumb/v7e-m+fp/hard/crt0.o
initUSART                                         build/main.o
main                                              build/main.o
                                                  build/startup_stm32f407xx.o
                                                  c:/program files (x86)/gnu tools arm embedded/9 2019-q4-major/bin/../lib/gcc/arm-none-eabi/9.2.1/../../../../arm-none-eabi/lib/thumb/v7e-m+fp/hard/crt0.o
memset                                            c:/program files (x86)/gnu tools arm embedded/9 2019-q4-major/bin/../lib/gcc/arm-none-eabi/9.2.1/../../../../arm-none-eabi/lib/thumb/v7e-m+fp/hard\libc_nano.a(lib_a-memset.o)
                                                  build/USART_STM32F4xx.o
                                                  build/main.o
                                                  c:/program files (x86)/gnu tools arm embedded/9 2019-q4-major/bin/../lib/gcc/arm-none-eabi/9.2.1/../../../../arm-none-eabi/lib/thumb/v7e-m+fp/hard/crt0.o
pFlash                                            build/stm32f4xx_hal_flash.o
                                                  build/stm32f4xx_hal_flash_ex.o
software_init_hook                                c:/program files (x86)/gnu tools arm embedded/9 2019-q4-major/bin/../lib/gcc/arm-none-eabi/9.2.1/../../../../arm-none-eabi/lib/thumb/v7e-m+fp/hard/crt0.o
uwTick                                            build/stm32f4xx_hal.o
uwTickFreq                                        build/stm32f4xx_hal.o
uwTickPrio                                        build/stm32f4xx_hal.o
                                                  build/stm32f4xx_hal_rcc_ex.o
                                                  build/stm32f4xx_hal_rcc.o
